// Jest Snapshot v1, https://goo.gl/fbAQLP

exports[`eslint result component render 1`] = `
"cli/cli-ui-typescript-diagnostic-component/src/b.ts:2:2

  Error: Argument of type 'string' is not assignable to parameter of type 'number'.

  1 | const n = (s: number) => s
> 2 | n('asdfasdfasd')
    |  ^
  3 |

"
`;
